[2026-08-07T07:25:33.688Z] Log file: D:\recap4ndc_new\RECAP4NDC_WebApp\recapfixxing\logs\ndvi_2026-07-01_2026-08-07T07-25-33-687Z.log
[2026-08-07T07:25:33.725Z] Scheduled task already exists: Recap NDVI Monthly Coupe Computation
[2026-08-07T07:25:33.725Z] Running 16 coupes for Jul 2026.
[2026-08-07T07:25:33.725Z] Comparing Jul (2026-07-01 to 2026-08-01) - Jun (2026-06-01 to 2026-07-01)
[2026-08-07T07:25:33.725Z] Columns: Jul_NDVI, Jun_NDVI
[2026-08-07T07:25:50.183Z] === Starting aravalli_coupe (1/16) ===
[2026-08-07T07:26:14.274Z] Processing 1248 aravalli_coupe geometries at 10m scale
[2026-08-07T07:26:14.275Z] Target table: public."2026-07-01_aravalli_coupe_NDVI_Change"
[2026-08-07T07:26:20.785Z] [1/1248] 1 MUNAI: 0 changed pixels
[2026-08-07T07:26:41.902Z] [2/1248] 2 MUNAI: 180 changed pixels
[2026-08-07T07:31:58.943Z] [3/1248] 3 MUNAI: 188 changed pixels
[2026-08-07T07:36:34.143Z] [4/1248] 4 MUNAI: 401 changed pixels
[2026-08-07T07:41:57.017Z] [5/1248] 5 MUNAI: 1 changed pixels
[2026-08-07T07:42:02.418Z] [6/1248] 6 MUNAI: 1322 changed pixels
[2026-08-07T07:48:01.923Z] [7/1248] 7 MUNAI: 188 changed pixels
[2026-08-07T07:48:55.971Z] [8/1248] 8 MUNAI: 374 changed pixels
[2026-08-07T07:50:31.991Z] [9/1248] 9 MUNAI: 0 changed pixels
[2026-08-07T07:50:51.896Z] [10/1248] 10 MUNAI: 855 changed pixels
[2026-08-07T07:54:52.927Z] [11/1248] 11 MUNAI: 377 changed pixels
[2026-08-07T07:56:36.679Z] [12/1248] 12 MUNAI: 8 changed pixels
[2026-08-07T07:56:41.338Z] [13/1248] 13 MUNAI: 205 changed pixels
[2026-08-07T07:57:50.476Z] [14/1248] 14 MUNAI: 0 changed pixels
[2026-08-07T07:57:55.585Z] [15/1248] 15 MUNAI: 0 changed pixels
[2026-08-07T07:58:08.067Z] [16/1248] 16 MUNAI: 14 changed pixels
[2026-08-07T07:58:14.638Z] [17/1248] 17 MUNAI: 241 changed pixels
