[2026-02-06T19:29:01.578310] 
================================================================================
[2026-02-06T19:29:01.579502] AUTOMATED NDVI DEGRADATION PIPELINE STARTING
[2026-02-06T19:29:01.579878] ================================================================================
[2026-02-06T19:29:01.580269] Start Time: 2026-02-06 19:29:01
[2026-02-06T19:29:01.580574] 
================================================================================
[2026-02-06T19:29:01.580882] EXECUTING PHASE 1: NDVI DEGRADATION ANALYSIS
[2026-02-06T19:29:01.581185] ================================================================================
[2026-02-06T19:29:01.583070] 
============================================================
[2026-02-06T19:29:01.583838] PHASE 1: STARTING NDVI DEGRADATION ANALYSIS
[2026-02-06T19:29:01.584457] ============================================================
[2026-02-06T19:29:04.952813] Earth Engine initialized
[2026-02-06T19:29:05.384732] Error getting coupes from master table: column "village" does not exist
LINE 2:             SELECT coupe_name, village, coupe_no, district, ...
                                       ^

[2026-02-06T19:29:05.386713] No coupes found in master table
[2026-02-06T19:29:05.387826] 
⚠ Phase 1 completed with issues or no data found
[2026-02-06T19:29:05.388945] Proceeding to Phase 2 anyway...
[2026-02-06T19:29:05.389618] 
----------------------------------------
[2026-02-06T19:29:05.390389] Pausing for 10 seconds before Phase 2...
[2026-02-06T19:29:05.390885] ----------------------------------------
[2026-02-06T19:29:15.392465] 
================================================================================
[2026-02-06T19:29:15.394797] EXECUTING PHASE 2: GEOSERVER PUBLISHING
[2026-02-06T19:29:15.396741] ================================================================================
[2026-02-06T19:29:15.397746] 
============================================================
[2026-02-06T19:29:15.398813] PHASE 2: STARTING GEOSERVER PUBLISHING
[2026-02-06T19:29:15.400015] ============================================================
[2026-02-06T19:29:15.400631] Already published 0 tables
[2026-02-06T19:29:15.826895] Error getting coupes from master table: column "village" does not exist
LINE 2:             SELECT coupe_name, village, coupe_no, district, ...
                                       ^

[2026-02-06T19:29:15.828999] No coupes found in master table
[2026-02-06T19:29:15.830236] 
================================================================================
[2026-02-06T19:29:15.831477] PIPELINE EXECUTION COMPLETE
[2026-02-06T19:29:15.832391] ================================================================================
[2026-02-06T19:29:15.833335] End Time: 2026-02-06 19:29:15
[2026-02-06T19:29:15.834046] Total Execution Time: 0h 0m 14s
[2026-02-06T19:29:15.834736] 
⚠ PIPELINE COMPLETED WITH ISSUES
[2026-02-06T19:29:15.835656]   - Phase 1 (NDVI Analysis) had issues
[2026-02-06T19:29:15.836282]   - Phase 2 (GeoServer Publishing) had issues
[2026-02-06T19:29:15.836913] 
================================================================================
[2026-02-06T19:29:15.837350] Check log files for details:
[2026-02-06T19:29:15.837706]   - Processing log: process2.log
[2026-02-06T19:29:15.838095]   - Publishing log: geoserver_publish.log
[2026-02-06T19:29:15.838424] ================================================================================
[2026-02-06T19:36:54.019331] 
================================================================================
[2026-02-06T19:36:54.020421] AUTOMATED NDVI DEGRADATION PIPELINE STARTING
[2026-02-06T19:36:54.020749] ================================================================================
[2026-02-06T19:36:54.021061] Start Time: 2026-02-06 19:36:54
[2026-02-06T19:36:54.021397] 
================================================================================
[2026-02-06T19:36:54.021703] EXECUTING PHASE 1: NDVI DEGRADATION ANALYSIS
[2026-02-06T19:36:54.022057] ================================================================================
[2026-02-06T19:36:54.022411] 
============================================================
[2026-02-06T19:36:54.022691] PHASE 1: STARTING NDVI DEGRADATION ANALYSIS
[2026-02-06T19:36:54.023001] ============================================================
[2026-02-06T19:36:56.564462] Earth Engine initialized
[2026-02-06T19:36:57.032614] Columns in coupe_village_master: ['id', 'coupe_name', 'village_name']
[2026-02-06T19:36:57.034920] Executing query: 
            SELECT coupe_name, village_name, NULL as coupe_no, NULL as district, NULL as taluka, NULL as block, NULL as range_name, NULL as state, NULL as country
            FROM public.coupe_village_master 
            ORDER BY coupe_name
        
[2026-02-06T19:36:57.339007] Retrieved 4223 coupes from master table
[2026-02-06T19:36:57.340158] Already processed 0 coupes
[2026-02-06T19:36:57.340522] 
============================================================
[2026-02-06T19:36:57.340971] Processing coupe: banaskantha coupe
[2026-02-06T19:36:57.341422] Village: Bhamariya
[2026-02-06T19:36:57.341742] ============================================================
[2026-02-06T19:36:57.823796] Coupe table banaskantha coupe does not exist, skipping
[2026-02-06T19:36:57.825769] 
============================================================
[2026-02-06T19:36:57.826888] Processing coupe: banaskantha coupe
[2026-02-06T19:36:57.827673] Village: Boru
[2026-02-06T19:36:57.828473] ============================================================
[2026-02-06T19:36:58.253597] Coupe table banaskantha coupe does not exist, skipping
[2026-02-06T19:36:58.255010] 
============================================================
[2026-02-06T19:36:58.255960] Processing coupe: banaskantha coupe
[2026-02-06T19:36:58.256631] Village: Nadabet
[2026-02-06T19:36:58.257503] ============================================================
[2026-02-06T19:36:58.687500] Coupe table banaskantha coupe does not exist, skipping
[2026-02-06T19:36:58.690515] 
============================================================
[2026-02-06T19:36:58.692400] Processing coupe: banaskantha coupe
[2026-02-06T19:36:58.693465] Village: Dhamanva
[2026-02-06T19:36:58.694419] ============================================================
[2026-02-06T19:36:59.227310] Coupe table banaskantha coupe does not exist, skipping
[2026-02-06T19:36:59.229597] 
============================================================
[2026-02-06T19:36:59.231576] Processing coupe: banaskantha coupe
[2026-02-06T19:36:59.233009] Village: Khari
[2026-02-06T19:36:59.234002] ============================================================
[2026-02-06T19:36:59.653909] Coupe table banaskantha coupe does not exist, skipping
[2026-02-06T19:36:59.655283] 
============================================================
[2026-02-06T19:36:59.656567] Processing coupe: banaskantha coupe
[2026-02-06T19:36:59.657650] Village: Dalpura
[2026-02-06T19:36:59.658367] ============================================================
[2026-02-06T19:37:00.089418] Coupe table banaskantha coupe does not exist, skipping
[2026-02-06T19:37:00.091879] 
============================================================
[2026-02-06T19:37:00.093416] Processing coupe: banaskantha coupe
[2026-02-06T19:37:00.094740] Village: Nichlo Bandh
[2026-02-06T19:37:00.095703] ============================================================
[2026-02-06T19:37:00.508263] Coupe table banaskantha coupe does not exist, skipping
[2026-02-06T19:37:00.509688] 
============================================================
[2026-02-06T19:37:00.510268] Processing coupe: banaskantha coupe
[2026-02-06T19:37:00.510873] Village: Ruppura
[2026-02-06T19:37:00.511403] ============================================================
[2026-02-06T19:37:00.950918] Coupe table banaskantha coupe does not exist, skipping
[2026-02-06T19:37:00.953459] 
============================================================
[2026-02-06T19:37:00.955630] Processing coupe: banaskantha coupe
[2026-02-06T19:37:00.957064] Village: Ghorad
[2026-02-06T19:37:00.958117] ============================================================
[2026-02-06T19:37:01.431471] Coupe table banaskantha coupe does not exist, skipping
[2026-02-06T19:37:01.433594] 
============================================================
[2026-02-06T19:37:01.435297] Processing coupe: banaskantha coupe
[2026-02-06T19:37:01.436766] Village: Mandaliya
[2026-02-06T19:37:01.437623] ============================================================
[2026-02-06T19:37:01.867771] Coupe table banaskantha coupe does not exist, skipping
[2026-02-06T19:37:01.869600] 
============================================================
[2026-02-06T19:37:01.870239] Processing coupe: banaskantha coupe
[2026-02-06T19:37:01.870591] Village: Jamru
[2026-02-06T19:37:01.870877] ============================================================
[2026-02-06T19:37:02.310753] Coupe table banaskantha coupe does not exist, skipping
[2026-02-06T19:37:02.312638] 
============================================================
[2026-02-06T19:37:02.313906] Processing coupe: banaskantha coupe
[2026-02-06T19:37:02.315275] Village: Rinchhada
[2026-02-06T19:37:02.316099] ============================================================
[2026-02-06T19:37:02.821629] Coupe table banaskantha coupe does not exist, skipping
[2026-02-06T19:37:02.823213] 
============================================================
[2026-02-06T19:37:02.824856] Processing coupe: banaskantha coupe
[2026-02-06T19:37:02.825611] Village: Sarhad Chhapri
[2026-02-06T19:37:02.826866] ============================================================
[2026-02-06T19:37:03.274761] Coupe table banaskantha coupe does not exist, skipping
[2026-02-06T19:37:03.276110] 
============================================================
[2026-02-06T19:37:03.277391] Processing coupe: banaskantha coupe
[2026-02-06T19:37:03.278111] Village: Sarakala
[2026-02-06T19:37:03.278824] ============================================================
[2026-02-06T19:37:03.703206] Coupe table banaskantha coupe does not exist, skipping
[2026-02-06T19:37:03.704953] 
============================================================
[2026-02-06T19:37:03.706318] Processing coupe: banaskantha coupe
[2026-02-06T19:37:03.707307] Village: Kundi
[2026-02-06T19:37:03.708019] ============================================================
[2026-02-06T19:37:04.136889] Coupe table banaskantha coupe does not exist, skipping
[2026-02-06T19:37:04.137733] 
============================================================
[2026-02-06T19:37:04.138634] Processing coupe: banaskantha coupe
[2026-02-06T19:37:04.139872] Village: Dudosan
[2026-02-06T19:37:04.140758] ============================================================
[2026-02-06T19:37:04.589635] Coupe table banaskantha coupe does not exist, skipping
[2026-02-06T19:37:04.591478] 
============================================================
[2026-02-06T19:37:04.593131] Processing coupe: banaskantha coupe
[2026-02-06T19:37:04.594302] Village: Isvani
[2026-02-06T19:37:04.595420] ============================================================
[2026-02-06T19:37:05.022467] Coupe table banaskantha coupe does not exist, skipping
[2026-02-06T19:37:05.023381] 
============================================================
[2026-02-06T19:37:05.023860] Processing coupe: banaskantha coupe
[2026-02-06T19:37:05.024267] Village: Kanpura
[2026-02-06T19:37:05.024894] ============================================================
[2026-02-06T19:37:05.449605] Coupe table banaskantha coupe does not exist, skipping
[2026-02-06T19:37:05.451890] 
============================================================
[2026-02-06T19:37:05.452945] Processing coupe: banaskantha coupe
[2026-02-06T19:37:05.453990] Village: Hathi Pagala
[2026-02-06T19:37:05.454721] ============================================================
[2026-02-06T19:37:05.885007] Coupe table banaskantha coupe does not exist, skipping
[2026-02-06T19:37:05.886922] 
============================================================
[2026-02-06T19:37:05.888474] Processing coupe: banaskantha coupe
[2026-02-06T19:37:05.889614] Village: Varan
[2026-02-06T19:37:05.890462] ============================================================
[2026-02-06T19:37:06.354399] Coupe table banaskantha coupe does not exist, skipping
[2026-02-06T19:37:06.356160] 
============================================================
[2026-02-06T19:37:06.357543] Processing coupe: banaskantha coupe
[2026-02-06T19:37:06.358674] Village: Khemarajiya
[2026-02-06T19:37:06.359468] ============================================================
[2026-02-06T19:37:06.766046] Coupe table banaskantha coupe does not exist, skipping
[2026-02-06T19:37:06.767224] 
============================================================
[2026-02-06T19:37:06.768030] Processing coupe: banaskantha coupe
[2026-02-06T19:37:06.768533] Village: Sembaliya
[2026-02-06T19:37:06.769002] ============================================================
[2026-02-06T19:37:07.195054] Coupe table banaskantha coupe does not exist, skipping
[2026-02-06T19:37:07.196319] 
============================================================
[2026-02-06T19:37:07.197886] Processing coupe: banaskantha coupe
[2026-02-06T19:37:07.198993] Village: Tekari
[2026-02-06T19:37:07.200251] ============================================================
[2026-02-06T19:37:07.638911] Coupe table banaskantha coupe does not exist, skipping
[2026-02-06T19:37:07.640996] 
============================================================
[2026-02-06T19:37:07.642178] Processing coupe: banaskantha coupe
[2026-02-06T19:37:07.643324] Village: Uplo Bandh
[2026-02-06T19:37:07.644195] ============================================================
[2026-02-06T19:37:08.073126] Coupe table banaskantha coupe does not exist, skipping
[2026-02-06T19:37:08.075105] 
============================================================
[2026-02-06T19:37:08.076332] Processing coupe: banaskantha coupe
[2026-02-06T19:37:08.077279] Village: Kansaravid
[2026-02-06T19:37:08.078158] ============================================================
[2026-02-06T19:37:08.510308] Coupe table banaskantha coupe does not exist, skipping
[2026-02-06T19:37:08.512550] 
============================================================
[2026-02-06T19:37:08.513759] Processing coupe: banaskantha coupe
[2026-02-06T19:37:08.514889] Village: Ranika
[2026-02-06T19:37:08.515607] ============================================================
[2026-02-06T19:37:08.999407] Coupe table banaskantha coupe does not exist, skipping
[2026-02-06T19:37:09.000553] 
============================================================
[2026-02-06T19:37:09.000980] Processing coupe: banaskantha coupe
[2026-02-06T19:37:09.001412] Village: Virpur(Hadad)
[2026-02-06T19:37:09.001890] ============================================================
[2026-02-06T19:37:09.560932] Coupe table banaskantha coupe does not exist, skipping
[2026-02-06T19:37:09.563474] 
============================================================
[2026-02-06T19:37:09.565113] Processing coupe: banaskantha coupe
[2026-02-06T19:37:09.567426] Village: Jharivav
[2026-02-06T19:37:09.569138] ============================================================
[2026-02-06T19:37:10.080590] Coupe table banaskantha coupe does not exist, skipping
[2026-02-06T19:37:10.082546] 
============================================================
[2026-02-06T19:37:10.083530] Processing coupe: banaskantha coupe
[2026-02-06T19:37:10.084228] Village: Ghanta
[2026-02-06T19:37:10.084898] ============================================================
[2026-02-06T19:37:10.530227] Coupe table banaskantha coupe does not exist, skipping
[2026-02-06T19:37:10.533019] 
============================================================
[2026-02-06T19:37:10.535009] Processing coupe: banaskantha coupe
[2026-02-06T19:37:10.536300] Village: Divdi
[2026-02-06T19:37:10.537559] ============================================================
[2026-02-06T19:37:10.982051] Coupe table banaskantha coupe does not exist, skipping
[2026-02-06T19:37:10.983491] 
============================================================
[2026-02-06T19:37:10.984685] Processing coupe: banaskantha coupe
[2026-02-06T19:37:10.985802] Village: Arkhi
[2026-02-06T19:37:10.986879] ============================================================
[2026-02-06T19:37:11.413329] Coupe table banaskantha coupe does not exist, skipping
[2026-02-06T19:37:11.415748] 
============================================================
[2026-02-06T19:37:11.417598] Processing coupe: banaskantha coupe
[2026-02-06T19:37:11.418619] Village: Madhusudanpura
[2026-02-06T19:37:11.419585] ============================================================
[2026-02-06T19:37:11.882833] Coupe table banaskantha coupe does not exist, skipping
[2026-02-06T19:37:11.885858] 
============================================================
[2026-02-06T19:37:11.887885] Processing coupe: banaskantha coupe
[2026-02-06T19:37:11.889030] Village: Kotda (Chand Gadh)
[2026-02-06T19:37:11.890763] ============================================================
[2026-02-06T19:37:12.315640] Coupe table banaskantha coupe does not exist, skipping
[2026-02-06T19:37:12.318860] 
============================================================
[2026-02-06T19:37:12.320662] Processing coupe: banaskantha coupe
[2026-02-06T19:37:12.322077] Village: Sikariya
[2026-02-06T19:37:12.322983] ============================================================
[2026-02-06T19:37:12.767196] Coupe table banaskantha coupe does not exist, skipping
[2026-02-06T19:37:12.770132] 
============================================================
[2026-02-06T19:37:12.771618] Processing coupe: banaskantha coupe
[2026-02-06T19:37:12.772902] Village: Pataliya
[2026-02-06T19:37:12.774121] ============================================================
[2026-02-06T19:37:13.249488] Coupe table banaskantha coupe does not exist, skipping
[2026-02-06T19:37:13.252425] 
============================================================
[2026-02-06T19:37:13.255061] Processing coupe: banaskantha coupe
[2026-02-06T19:37:13.256619] Village: Awala (Arniwada)
[2026-02-06T19:37:13.257887] ============================================================
[2026-02-06T19:37:13.781115] Coupe table banaskantha coupe does not exist, skipping
[2026-02-06T19:37:13.782543] 
============================================================
[2026-02-06T19:37:13.783540] Processing coupe: banaskantha coupe
[2026-02-06T19:37:13.784315] Village: Umbara
[2026-02-06T19:37:13.784981] ============================================================
[2026-02-06T19:37:14.261103] Coupe table banaskantha coupe does not exist, skipping
[2026-02-06T19:37:14.262935] 
============================================================
[2026-02-06T19:37:14.264266] Processing coupe: banaskantha coupe
[2026-02-06T19:37:14.264967] Village: Bhadli Kotha
[2026-02-06T19:37:14.265680] ============================================================
[2026-02-06T19:37:14.762289] Coupe table banaskantha coupe does not exist, skipping
[2026-02-06T19:37:14.765072] 
============================================================
[2026-02-06T19:37:14.767338] Processing coupe: banaskantha coupe
[2026-02-06T19:37:14.768181] Village: Bedapani
[2026-02-06T19:37:14.769889] ============================================================
[2026-02-06T19:37:15.190309] Coupe table banaskantha coupe does not exist, skipping
[2026-02-06T19:37:15.191550] 
============================================================
[2026-02-06T19:37:15.192622] Processing coupe: banaskantha coupe
[2026-02-06T19:37:15.193577] Village: Mor Dungara
[2026-02-06T19:37:15.194400] ============================================================
[2026-02-06T19:37:15.619493] Coupe table banaskantha coupe does not exist, skipping
[2026-02-06T19:37:15.620773] 
============================================================
[2026-02-06T19:37:15.621957] Processing coupe: banaskantha coupe
[2026-02-06T19:37:15.622864] Village: Petsura
[2026-02-06T19:37:15.623863] ============================================================
[2026-02-06T19:37:16.065535] Coupe table banaskantha coupe does not exist, skipping
[2026-02-06T19:37:16.068173] 
============================================================
[2026-02-06T19:37:16.070594] Processing coupe: banaskantha coupe
[2026-02-06T19:37:16.072342] Village: Vekari
[2026-02-06T19:37:16.073990] ============================================================
[2026-02-06T19:37:16.658384] Coupe table banaskantha coupe does not exist, skipping
[2026-02-06T19:37:16.662437] 
============================================================
[2026-02-06T19:37:16.665454] Processing coupe: banaskantha coupe
[2026-02-06T19:37:16.666016] Village: Jasvantgadh
[2026-02-06T19:37:16.667504] ============================================================
[2026-02-06T19:37:17.103972] Coupe table banaskantha coupe does not exist, skipping
[2026-02-06T19:37:17.105455] 
============================================================
[2026-02-06T19:37:17.106346] Processing coupe: banaskantha coupe
[2026-02-06T19:37:17.107124] Village: Koteshvar
[2026-02-06T19:37:17.107803] ============================================================
[2026-02-06T19:37:17.512569] Coupe table banaskantha coupe does not exist, skipping
[2026-02-06T19:37:17.515222] 
============================================================
[2026-02-06T19:37:17.517339] Processing coupe: banaskantha coupe
[2026-02-06T19:37:17.519055] Village: Juni_Sendhani
[2026-02-06T19:37:17.520783] ============================================================
[2026-02-06T19:37:17.950221] Coupe table banaskantha coupe does not exist, skipping
[2026-02-06T19:37:17.951553] 
============================================================
[2026-02-06T19:37:17.952468] Processing coupe: banaskantha coupe
[2026-02-06T19:37:17.953150] Village: Hasanpur
[2026-02-06T19:37:17.954276] ============================================================
[2026-02-06T19:37:18.455926] Coupe table banaskantha coupe does not exist, skipping
[2026-02-06T19:37:18.458607] 
============================================================
[2026-02-06T19:37:18.460033] Processing coupe: banaskantha coupe
[2026-02-06T19:37:18.461452] Village: Harivav
[2026-02-06T19:37:18.462720] ============================================================
[2026-02-06T19:37:18.877872] Coupe table banaskantha coupe does not exist, skipping
[2026-02-06T19:37:18.880933] 
============================================================
[2026-02-06T19:37:18.882706] Processing coupe: banaskantha coupe
[2026-02-06T19:37:18.883712] Village: Javara
[2026-02-06T19:37:18.884468] ============================================================
[2026-02-06T19:37:19.340760] Coupe table banaskantha coupe does not exist, skipping
[2026-02-06T19:37:19.343295] 
============================================================
[2026-02-06T19:37:19.345458] Processing coupe: banaskantha coupe
[2026-02-06T19:37:19.347086] Village: Rajpuriya
[2026-02-06T19:37:19.347782] ============================================================
[2026-02-06T19:37:19.757047] Coupe table banaskantha coupe does not exist, skipping
[2026-02-06T19:37:19.759446] 
============================================================
[2026-02-06T19:37:19.760883] Processing coupe: banaskantha coupe
[2026-02-06T19:37:19.762217] Village: Amblimal
[2026-02-06T19:37:19.763512] ============================================================
[2026-02-06T19:37:20.184775] Coupe table banaskantha coupe does not exist, skipping
[2026-02-06T19:37:20.186048] 
============================================================
[2026-02-06T19:37:20.187051] Processing coupe: banaskantha coupe
[2026-02-06T19:37:20.187931] Village: Thalvada
[2026-02-06T19:37:20.188649] ============================================================
[2026-02-06T19:37:20.655400] Coupe table banaskantha coupe does not exist, skipping
[2026-02-06T19:37:20.657924] 
============================================================
[2026-02-06T19:37:20.659567] Processing coupe: banaskantha coupe
[2026-02-06T19:37:20.660895] Village: Bhayla
[2026-02-06T19:37:20.662356] ============================================================
[2026-02-06T19:37:21.065867] Coupe table banaskantha coupe does not exist, skipping
[2026-02-06T19:37:21.067150] 
============================================================
[2026-02-06T19:37:21.067988] Processing coupe: banaskantha coupe
[2026-02-06T19:37:21.068656] Village: Savaniya
[2026-02-06T19:37:21.069124] ============================================================
[2026-02-06T19:37:21.491822] Coupe table banaskantha coupe does not exist, skipping
[2026-02-06T19:37:21.494274] 
============================================================
[2026-02-06T19:37:21.496085] Processing coupe: banaskantha coupe
[2026-02-06T19:37:21.496783] Village: Pavthi
[2026-02-06T19:37:21.497477] ============================================================
[2026-02-06T19:37:21.926116] Coupe table banaskantha coupe does not exist, skipping
[2026-02-06T19:37:21.928521] 
============================================================
[2026-02-06T19:37:21.930302] Processing coupe: banaskantha coupe
[2026-02-06T19:37:21.931356] Village: Tadholi
[2026-02-06T19:37:21.932253] ============================================================
[2026-02-06T19:37:22.350642] Coupe table banaskantha coupe does not exist, skipping
[2026-02-06T19:37:22.352631] 
============================================================
[2026-02-06T19:37:22.354197] Processing coupe: banaskantha coupe
[2026-02-06T19:37:22.355390] Village: Balaram River
[2026-02-06T19:37:22.356433] ============================================================
[2026-02-06T19:37:22.857569] Coupe table banaskantha coupe does not exist, skipping
[2026-02-06T19:37:22.860959] 
============================================================
[2026-02-06T19:37:22.863085] Processing coupe: banaskantha coupe
[2026-02-06T19:37:22.864303] Village: Gangudara
[2026-02-06T19:37:22.866069] ============================================================
[2026-02-06T19:37:23.285935] Coupe table banaskantha coupe does not exist, skipping
[2026-02-06T19:37:23.286577] 
============================================================
[2026-02-06T19:37:23.287279] Processing coupe: banaskantha coupe
[2026-02-06T19:37:23.287659] Village: Balundra
[2026-02-06T19:37:23.287989] ============================================================
[2026-02-06T19:37:23.759451] Coupe table banaskantha coupe does not exist, skipping
[2026-02-06T19:37:23.761509] 
============================================================
[2026-02-06T19:37:23.762685] Processing coupe: banaskantha coupe
[2026-02-06T19:37:23.763716] Village: Dhagadiya
[2026-02-06T19:37:23.764400] ============================================================
[2026-02-06T19:37:24.281442] Coupe table banaskantha coupe does not exist, skipping
[2026-02-06T19:37:24.282705] 
============================================================
[2026-02-06T19:37:24.283625] Processing coupe: banaskantha coupe
[2026-02-06T19:37:24.284359] Village: Rachhena
[2026-02-06T19:37:24.285056] ============================================================
[2026-02-06T19:37:24.813047] Coupe table banaskantha coupe does not exist, skipping
[2026-02-06T19:37:24.815761] 
============================================================
[2026-02-06T19:37:24.816477] Processing coupe: banaskantha coupe
[2026-02-06T19:37:24.816813] Village: Lakhanasar
[2026-02-06T19:37:24.817235] ============================================================
[2026-02-06T19:37:25.319850] Coupe table banaskantha coupe does not exist, skipping
[2026-02-06T19:37:25.321532] 
============================================================
[2026-02-06T19:37:25.323065] Processing coupe: banaskantha coupe
[2026-02-06T19:37:25.323979] Village: Fatepura
[2026-02-06T19:37:25.324758] ============================================================
[2026-02-06T19:37:25.752194] Coupe table banaskantha coupe does not exist, skipping
[2026-02-06T19:37:25.754212] 
============================================================
[2026-02-06T19:37:25.755581] Processing coupe: banaskantha coupe
[2026-02-06T19:37:25.757004] Village: Khuniya
[2026-02-06T19:37:25.757985] ============================================================
[2026-02-06T19:37:26.231968] Coupe table banaskantha coupe does not exist, skipping
[2026-02-06T19:37:26.236089] 
============================================================
[2026-02-06T19:37:26.238271] Processing coupe: banaskantha coupe
[2026-02-06T19:37:26.239591] Village: Magvas
[2026-02-06T19:37:26.241122] ============================================================
[2026-02-06T19:37:26.756787] Coupe table banaskantha coupe does not exist, skipping
[2026-02-06T19:37:26.760079] 
============================================================
[2026-02-06T19:37:26.761212] Processing coupe: banaskantha coupe
[2026-02-06T19:37:26.762350] Village: Dericharda
[2026-02-06T19:37:26.764169] ============================================================
[2026-02-06T19:37:27.262146] Coupe table banaskantha coupe does not exist, skipping
[2026-02-06T19:37:27.265000] 
============================================================
[2026-02-06T19:37:27.266936] Processing coupe: banaskantha coupe
[2026-02-06T19:37:27.268351] Village: Santpur
[2026-02-06T19:37:27.269284] ============================================================
[2026-02-06T19:37:27.790640] Coupe table banaskantha coupe does not exist, skipping
[2026-02-06T19:37:27.793414] 
============================================================
[2026-02-06T19:37:27.794520] Processing coupe: banaskantha coupe
[2026-02-06T19:37:27.795294] Village: Sudasana
[2026-02-06T19:37:27.795988] ============================================================
[2026-02-06T19:37:28.325315] Coupe table banaskantha coupe does not exist, skipping
[2026-02-06T19:37:28.325943] 
============================================================
[2026-02-06T19:37:28.326520] Processing coupe: banaskantha coupe
[2026-02-06T19:37:28.326837] Village: Ajapur Mota
[2026-02-06T19:37:28.327293] ============================================================
[2026-02-06T19:37:28.771210] Coupe table banaskantha coupe does not exist, skipping
[2026-02-06T19:37:28.774713] 
============================================================
[2026-02-06T19:37:28.776364] Processing coupe: banaskantha coupe
[2026-02-06T19:37:28.777423] Village: Bhilada
[2026-02-06T19:37:28.779317] ============================================================
[2026-02-06T19:37:29.230549] Coupe table banaskantha coupe does not exist, skipping
[2026-02-06T19:37:29.231473] 
============================================================
[2026-02-06T19:37:29.232349] Processing coupe: banaskantha coupe
[2026-02-06T19:37:29.232739] Village: Mahobatgadh (Hada
[2026-02-06T19:37:29.233197] ============================================================
[2026-02-06T19:37:29.707958] Coupe table banaskantha coupe does not exist, skipping
[2026-02-06T19:37:29.709902] 
============================================================
[2026-02-06T19:37:29.711046] Processing coupe: banaskantha coupe
[2026-02-06T19:37:29.711603] Village: Dhanpura (Virampur)
[2026-02-06T19:37:29.712406] ============================================================
[2026-02-06T19:37:30.125235] Coupe table banaskantha coupe does not exist, skipping
[2026-02-06T19:37:30.126414] 
============================================================
[2026-02-06T19:37:30.126998] Processing coupe: banaskantha coupe
[2026-02-06T19:37:30.127714] Village: Punjpur
[2026-02-06T19:37:30.128302] ============================================================
