[2026-03-30T18:01:24.203523] 
============================================================
[2026-03-30T18:01:24.204085] STARTING DEGRADATION ANALYSIS PROCESS
[2026-03-30T18:01:24.204550] ============================================================
[2026-03-30T18:01:28.903315] Earth Engine initialized
[2026-03-30T18:01:28.904063] Initializing GeoServer...
[2026-03-30T18:01:29.409613] GeoServer connection successful
[2026-03-30T18:01:29.410825] GeoServer connection verified
[2026-03-30T18:01:29.852435] Found 16 coupes to process
[2026-03-30T18:01:29.853054] Already processed 0 coupes
[2026-03-30T18:01:29.853400] 
============================================================
[2026-03-30T18:01:29.853889] Starting processing for coupe: chhotaudepur
[2026-03-30T18:01:29.854589] ============================================================
[2026-03-30T18:01:29.854937] Step 1/5: Fixing geometry for chhotaudepur
[2026-03-30T18:01:29.855198] Starting comprehensive geometry fixing for chhotaudepur_coupe
[2026-03-30T18:01:30.049855]   Step 1: Fixed invalid geometries
[2026-03-30T18:01:30.328792]   Step 2: Extracted polygon collections
[2026-03-30T18:01:30.442988]   Step 3: Buffered invalid geometries
[2026-03-30T18:01:30.530294]   Step 4: Set SRID to 4326
[2026-03-30T18:01:30.599109]   Step 5: Transformed to 4326
[2026-03-30T18:01:30.685110]   Step 6: Simplified geometries
[2026-03-30T18:01:30.781693]   Step 7: Removed remaining invalid geometries
[2026-03-30T18:01:30.839683]   Step 8: Cleaned very complex geometries
[2026-03-30T18:01:31.130245]   Step 9: Removed geometries with area < 1 sqm
[2026-03-30T18:01:31.208820] chhotaudepur_coupe geometry fixing completed. 1993 valid geometries remaining
[2026-03-30T18:01:31.271109] Step 2/5: Creating degradation table
[2026-03-30T18:01:31.616969] Table 2026-02-01_chhotaudepur_coupe_NDVI_Change created with indexes
[2026-03-30T18:01:31.668722] Step 3/5: Fetching polygons
[2026-03-30T18:01:31.849118]   Found 2 polygons in chhotaudepur_coupe
[2026-03-30T18:01:31.849709] Step 4/5: Processing polygons
[2026-03-30T18:01:33.254645]   Error getting imagery: name 'second_month_START' is not defined
[2026-03-30T18:01:46.632271] 
============================================================
[2026-03-30T18:01:46.632803] PROCESS INTERRUPTED BY USER
[2026-03-30T18:01:46.633010] Checkpoint has been saved
[2026-03-30T18:01:46.633290] ============================================================
[2026-03-30T18:02:25.570482] 
============================================================
[2026-03-30T18:02:25.570992] STARTING DEGRADATION ANALYSIS PROCESS
[2026-03-30T18:02:25.571226] ============================================================
[2026-03-30T18:02:29.483538] Earth Engine initialized
[2026-03-30T18:02:29.484076] Initializing GeoServer...
[2026-03-30T18:02:30.645475] GeoServer connection successful
[2026-03-30T18:02:30.646319] GeoServer connection verified
[2026-03-30T18:02:31.207719] Found 16 coupes to process
[2026-03-30T18:02:31.208705] Already processed 15 coupes
[2026-03-30T18:02:31.209108] Skipping already processed coupe: chhotaudepur
[2026-03-30T18:02:31.210000] Skipping already processed coupe: banaskantha
[2026-03-30T18:02:31.210414] Skipping already processed coupe: surat
[2026-03-30T18:02:31.210882] Skipping already processed coupe: baria
[2026-03-30T18:02:31.211213] Skipping already processed coupe: aravalli
[2026-03-30T18:02:31.211519] Skipping already processed coupe: jamnagar
[2026-03-30T18:02:31.211770] Skipping already processed coupe: narmada
[2026-03-30T18:02:31.212054] Skipping already processed coupe: bhavnagar
[2026-03-30T18:02:31.212327] Skipping already processed coupe: morbi
[2026-03-30T18:02:31.212560] Skipping already processed coupe: vyara
[2026-03-30T18:02:31.212819] Skipping already processed coupe: godhara
[2026-03-30T18:02:31.213116] 
============================================================
[2026-03-30T18:02:31.213640] Starting processing for coupe: sabarkantha
[2026-03-30T18:02:31.213904] ============================================================
[2026-03-30T18:02:31.214340] Step 1/5: Fixing geometry for sabarkantha
[2026-03-30T18:02:31.214607] Starting comprehensive geometry fixing for sabarkantha_coupe
[2026-03-30T18:02:31.368640]   Step 1: Fixed invalid geometries
[2026-03-30T18:02:31.605562]   Step 2: Extracted polygon collections
[2026-03-30T18:02:31.718578]   Step 3: Buffered invalid geometries
[2026-03-30T18:02:31.783128]   Step 4: Set SRID to 4326
[2026-03-30T18:02:31.839709]   Step 5: Transformed to 4326
[2026-03-30T18:02:31.931516]   Step 6: Simplified geometries
[2026-03-30T18:02:32.053790]   Step 7: Removed remaining invalid geometries
[2026-03-30T18:02:32.121624]   Step 8: Cleaned very complex geometries
[2026-03-30T18:02:32.424966]   Step 9: Removed geometries with area < 1 sqm
[2026-03-30T18:02:32.496939] sabarkantha_coupe geometry fixing completed. 1652 valid geometries remaining
[2026-03-30T18:02:32.563272] Step 2/5: Creating degradation table
[2026-03-30T18:02:32.835946] Table 2026-02-01_sabarkantha_coupe_NDVI_Change created with indexes
[2026-03-30T18:02:32.891720] Step 3/5: Fetching polygons
[2026-03-30T18:02:33.009152]   Found 2 polygons in sabarkantha_coupe
[2026-03-30T18:02:33.009681] Step 4/5: Processing polygons
[2026-03-30T18:03:28.377525]   Error calculating NDVI or reduceRegions: Image.normalizedDifference: No band named 'B8'. Available band names: [].
[2026-03-30T18:05:04.506936]   Error calculating NDVI or reduceRegions: Image.normalizedDifference: No band named 'B8'. Available band names: [].
[2026-03-30T18:05:04.508993] Step 5/5: Publishing to GeoServer
[2026-03-30T18:05:05.074548]   Layer '2026-02-01_sabarkantha_coupe_NDVI_Change' already exists in GeoServer
[2026-03-30T18:05:05.075002]   Layer URL: http://68.178.167.216:8081/geoserver/Recap4NDC/wms?service=WMS&version=1.1.0&request=GetMap&layers=Recap4NDC:2026-02-01_sabarkantha_coupe_NDVI_Change&styles=&bbox=-180,-90,180,90&width=768&height=330&srs=EPSG:4326&format=application/openlayers
[2026-03-30T18:05:05.075557] 
Coupe sabarkantha completed:
[2026-03-30T18:05:05.075923]   Processed polygons: 2
[2026-03-30T18:05:05.076263]   Skipped polygons: 0
[2026-03-30T18:05:05.076590]   Total polygons: 2
[2026-03-30T18:05:05.076865]   Table created: 2026-02-01_sabarkantha_coupe_NDVI_Change
[2026-03-30T18:05:05.077172]   GeoServer layer: 2026-02-01_sabarkantha_coupe_NDVI_Change
[2026-03-30T18:05:05.077456] Skipping already processed coupe: gandhinagar
[2026-03-30T18:05:05.077772] Skipping already processed coupe: surendranagar
[2026-03-30T18:05:05.078029] Skipping already processed coupe: bharuchsubdivision
[2026-03-30T18:05:05.078336] Skipping already processed coupe: junagadh
[2026-03-30T18:05:05.078715] 
============================================================
[2026-03-30T18:05:05.079064] ALL COUPES PROCESSING COMPLETED
[2026-03-30T18:05:05.079369] ============================================================
[2026-03-30T18:05:46.109759] 
============================================================
[2026-03-30T18:05:46.110401] STARTING DEGRADATION ANALYSIS PROCESS
[2026-03-30T18:05:46.110840] ============================================================
[2026-03-30T18:05:51.151657] Earth Engine initialized
[2026-03-30T18:05:51.155482] Initializing GeoServer...
[2026-03-30T18:05:51.635347] GeoServer connection successful
[2026-03-30T18:05:51.636442] GeoServer connection verified
[2026-03-30T18:05:52.179022] Found 16 coupes to process
[2026-03-30T18:05:52.181983] Already processed 15 coupes
[2026-03-30T18:05:52.183735] Skipping already processed coupe: chhotaudepur
[2026-03-30T18:05:52.184939] Skipping already processed coupe: banaskantha
[2026-03-30T18:05:52.185487] Skipping already processed coupe: surat
[2026-03-30T18:05:52.186435] Skipping already processed coupe: baria
[2026-03-30T18:05:52.186927] Skipping already processed coupe: aravalli
[2026-03-30T18:05:52.187414] Skipping already processed coupe: jamnagar
[2026-03-30T18:05:52.187870] Skipping already processed coupe: narmada
[2026-03-30T18:05:52.188186] Skipping already processed coupe: bhavnagar
[2026-03-30T18:05:52.188522] Skipping already processed coupe: morbi
[2026-03-30T18:05:52.188874] Skipping already processed coupe: vyara
[2026-03-30T18:05:52.189496] Skipping already processed coupe: godhara
[2026-03-30T18:05:52.189918] 
============================================================
[2026-03-30T18:05:52.190814] Starting processing for coupe: sabarkantha
[2026-03-30T18:05:52.191251] ============================================================
[2026-03-30T18:05:52.191706] Step 1/5: Fixing geometry for sabarkantha
[2026-03-30T18:05:52.191990] Starting comprehensive geometry fixing for sabarkantha_coupe
[2026-03-30T18:05:52.328602]   Step 1: Fixed invalid geometries
[2026-03-30T18:05:52.791412]   Step 2: Extracted polygon collections
[2026-03-30T18:05:53.193848]   Step 3: Buffered invalid geometries
[2026-03-30T18:05:53.254597]   Step 4: Set SRID to 4326
[2026-03-30T18:05:53.319418]   Step 5: Transformed to 4326
[2026-03-30T18:05:53.418966]   Step 6: Simplified geometries
[2026-03-30T18:05:53.544007]   Step 7: Removed remaining invalid geometries
[2026-03-30T18:05:53.913187]   Step 8: Cleaned very complex geometries
[2026-03-30T18:05:54.231324]   Step 9: Removed geometries with area < 1 sqm
[2026-03-30T18:05:54.303615] sabarkantha_coupe geometry fixing completed. 1652 valid geometries remaining
[2026-03-30T18:05:54.378157] Step 2/5: Creating degradation table
[2026-03-30T18:05:54.945807] Table 2025-03-01_sabarkantha_coupe_NDVI_Change created with indexes
[2026-03-30T18:05:54.999104] Step 3/5: Fetching polygons
[2026-03-30T18:05:55.115799]   Found 2 polygons in sabarkantha_coupe
[2026-03-30T18:05:55.119287] Step 4/5: Processing polygons
[2026-03-30T18:07:06.985882]   Error calculating NDVI or reduceRegions: Image.normalizedDifference: No band named 'B8'. Available band names: [].
[2026-03-30T18:08:41.597958] 
============================================================
[2026-03-30T18:08:41.599256] PROCESS INTERRUPTED BY USER
[2026-03-30T18:08:41.600150] Checkpoint has been saved
[2026-03-30T18:08:41.600548] ============================================================
[2026-03-30T18:09:16.202258] 
============================================================
[2026-03-30T18:09:16.202850] STARTING DEGRADATION ANALYSIS PROCESS
[2026-03-30T18:09:16.203210] ============================================================
[2026-03-30T18:09:23.736710] Earth Engine initialized
[2026-03-30T18:09:23.737222] Initializing GeoServer...
[2026-03-30T18:09:25.039014] GeoServer connection successful
[2026-03-30T18:09:25.039762] GeoServer connection verified
[2026-03-30T18:09:25.569353] Found 16 coupes to process
[2026-03-30T18:09:25.570245] Already processed 15 coupes
[2026-03-30T18:09:25.571130] Skipping already processed coupe: chhotaudepur
[2026-03-30T18:09:25.571541] Skipping already processed coupe: banaskantha
[2026-03-30T18:09:25.571908] Skipping already processed coupe: surat
[2026-03-30T18:09:25.572289] Skipping already processed coupe: baria
[2026-03-30T18:09:25.572666] Skipping already processed coupe: aravalli
[2026-03-30T18:09:25.573018] Skipping already processed coupe: jamnagar
[2026-03-30T18:09:25.573360] Skipping already processed coupe: narmada
[2026-03-30T18:09:25.573705] Skipping already processed coupe: bhavnagar
[2026-03-30T18:09:25.574035] Skipping already processed coupe: morbi
[2026-03-30T18:09:25.581614] Skipping already processed coupe: vyara
[2026-03-30T18:09:25.582472] Skipping already processed coupe: godhara
[2026-03-30T18:09:25.582938] 
============================================================
[2026-03-30T18:09:25.583505] Starting processing for coupe: sabarkantha
[2026-03-30T18:09:25.583843] ============================================================
[2026-03-30T18:09:25.584243] Step 1/5: Fixing geometry for sabarkantha
[2026-03-30T18:09:25.584585] Starting comprehensive geometry fixing for sabarkantha_coupe
[2026-03-30T18:09:25.724860]   Step 1: Fixed invalid geometries
[2026-03-30T18:09:26.004466]   Step 2: Extracted polygon collections
[2026-03-30T18:09:26.149842]   Step 3: Buffered invalid geometries
[2026-03-30T18:09:26.224129]   Step 4: Set SRID to 4326
[2026-03-30T18:09:26.314871]   Step 5: Transformed to 4326
[2026-03-30T18:09:26.660084]   Step 6: Simplified geometries
[2026-03-30T18:09:26.774785]   Step 7: Removed remaining invalid geometries
[2026-03-30T18:09:26.844169]   Step 8: Cleaned very complex geometries
[2026-03-30T18:09:27.150926]   Step 9: Removed geometries with area < 1 sqm
[2026-03-30T18:09:27.224934] sabarkantha_coupe geometry fixing completed. 1652 valid geometries remaining
[2026-03-30T18:09:27.302247] Step 2/5: Creating degradation table
[2026-03-30T18:09:27.688672] Table 2025-03-01_sabarkantha_coupe_NDVI_Change created with indexes
[2026-03-30T18:09:27.741297] Step 3/5: Fetching polygons
[2026-03-30T18:09:27.871174]   Found 2 polygons in sabarkantha_coupe
[2026-03-30T18:09:27.871962] Step 4/5: Processing polygons
[2026-03-30T18:11:40.664071] 
============================================================
[2026-03-30T18:11:40.664897] PROCESS INTERRUPTED BY USER
[2026-03-30T18:11:40.665264] Checkpoint has been saved
[2026-03-30T18:11:40.665705] ============================================================
[2026-03-30T18:18:34.430061] 
============================================================
[2026-03-30T18:18:34.430844] STARTING DEGRADATION ANALYSIS PROCESS
[2026-03-30T18:18:34.431155] ============================================================
[2026-03-30T18:18:38.523819] Earth Engine initialized
[2026-03-30T18:18:38.525069] Initializing GeoServer...
[2026-03-30T18:18:38.975881] GeoServer connection successful
[2026-03-30T18:18:38.976852] GeoServer connection verified
[2026-03-30T18:18:39.466654] Found 16 coupes to process
[2026-03-30T18:18:39.467252] Already processed 15 coupes
[2026-03-30T18:18:39.468009] Skipping already processed coupe: chhotaudepur
[2026-03-30T18:18:39.468329] Skipping already processed coupe: banaskantha
[2026-03-30T18:18:39.468620] Skipping already processed coupe: surat
[2026-03-30T18:18:39.468897] Skipping already processed coupe: baria
[2026-03-30T18:18:39.469187] Skipping already processed coupe: aravalli
[2026-03-30T18:18:39.469468] Skipping already processed coupe: jamnagar
[2026-03-30T18:18:39.469725] Skipping already processed coupe: narmada
[2026-03-30T18:18:39.470027] Skipping already processed coupe: bhavnagar
[2026-03-30T18:18:39.470259] Skipping already processed coupe: morbi
[2026-03-30T18:18:39.470540] Skipping already processed coupe: vyara
[2026-03-30T18:18:39.470811] Skipping already processed coupe: godhara
[2026-03-30T18:18:39.471061] 
============================================================
[2026-03-30T18:18:39.471431] Starting processing for coupe: sabarkantha
[2026-03-30T18:18:39.471980] ============================================================
[2026-03-30T18:18:39.472743] Step 1/5: Fixing geometry for sabarkantha
[2026-03-30T18:18:39.473185] Starting comprehensive geometry fixing for sabarkantha_coupe
[2026-03-30T18:18:39.603070]   Step 1: Fixed invalid geometries
[2026-03-30T18:18:39.817577]   Step 2: Extracted polygon collections
[2026-03-30T18:18:39.921531]   Step 3: Buffered invalid geometries
[2026-03-30T18:18:39.977941]   Step 4: Set SRID to 4326
[2026-03-30T18:18:40.042340]   Step 5: Transformed to 4326
[2026-03-30T18:18:40.149301]   Step 6: Simplified geometries
[2026-03-30T18:18:40.266101]   Step 7: Removed remaining invalid geometries
[2026-03-30T18:18:40.336351]   Step 8: Cleaned very complex geometries
[2026-03-30T18:18:40.672210]   Step 9: Removed geometries with area < 1 sqm
[2026-03-30T18:18:40.743240] sabarkantha_coupe geometry fixing completed. 1652 valid geometries remaining
[2026-03-30T18:18:40.799528] Step 2/5: Creating degradation table
[2026-03-30T18:18:41.168669] Table 2025-03-01_sabarkantha_coupe_NDVI_Change created with indexes
[2026-03-30T18:18:41.219719] Step 3/5: Fetching polygons
[2026-03-30T18:18:41.331663]   Found 2 polygons in sabarkantha_coupe
[2026-03-30T18:18:41.332169] Step 4/5: Processing polygons
[2026-03-30T18:21:22.513106]   Successfully inserted 14 pixels
[2026-03-30T18:21:22.577719] Step 5/5: Publishing to GeoServer
[2026-03-30T18:21:22.793068]   Layer '2025-03-01_sabarkantha_coupe_NDVI_Change' already exists in GeoServer
[2026-03-30T18:21:22.793968]   Layer URL: http://68.178.167.216:8081/geoserver/Recap4NDC/wms?service=WMS&version=1.1.0&request=GetMap&layers=Recap4NDC:2025-03-01_sabarkantha_coupe_NDVI_Change&styles=&bbox=-180,-90,180,90&width=768&height=330&srs=EPSG:4326&format=application/openlayers
[2026-03-30T18:21:22.794489] 
Coupe sabarkantha completed:
[2026-03-30T18:21:22.794918]   Processed polygons: 2
[2026-03-30T18:21:22.795126]   Skipped polygons: 0
[2026-03-30T18:21:22.795315]   Total polygons: 2
[2026-03-30T18:21:22.795495]   Table created: 2025-03-01_sabarkantha_coupe_NDVI_Change
[2026-03-30T18:21:22.795669]   GeoServer layer: 2025-03-01_sabarkantha_coupe_NDVI_Change
[2026-03-30T18:21:22.795843] Skipping already processed coupe: gandhinagar
[2026-03-30T18:21:22.796249] Skipping already processed coupe: surendranagar
[2026-03-30T18:21:22.796754] Skipping already processed coupe: bharuchsubdivision
[2026-03-30T18:21:22.797115] Skipping already processed coupe: junagadh
[2026-03-30T18:21:22.797530] 
============================================================
[2026-03-30T18:21:22.797983] ALL COUPES PROCESSING COMPLETED
[2026-03-30T18:21:22.798338] ============================================================
[2026-03-30T20:34:25.302813] 
============================================================
[2026-03-30T20:34:25.303876] STARTING DEGRADATION ANALYSIS PROCESS
[2026-03-30T20:34:25.304284] ============================================================
[2026-03-30T20:34:30.593764] Earth Engine initialized
[2026-03-30T20:34:30.594306] Initializing GeoServer...
[2026-03-30T20:34:30.994360] GeoServer connection successful
[2026-03-30T20:34:30.995154] GeoServer connection verified
[2026-03-30T20:34:31.417854] Found 16 coupes to process
[2026-03-30T20:34:31.419726] Already processed 15 coupes
[2026-03-30T20:34:31.419998] Skipping already processed coupe: chhotaudepur
[2026-03-30T20:34:31.420323] Skipping already processed coupe: banaskantha
[2026-03-30T20:34:31.420741] Skipping already processed coupe: surat
[2026-03-30T20:34:31.421090] Skipping already processed coupe: baria
[2026-03-30T20:34:31.421420] Skipping already processed coupe: aravalli
[2026-03-30T20:34:31.421681] Skipping already processed coupe: jamnagar
[2026-03-30T20:34:31.422220] Skipping already processed coupe: narmada
[2026-03-30T20:34:31.422541] Skipping already processed coupe: bhavnagar
[2026-03-30T20:34:31.422972] Skipping already processed coupe: morbi
[2026-03-30T20:34:31.423338] Skipping already processed coupe: vyara
[2026-03-30T20:34:31.423833] Skipping already processed coupe: godhara
[2026-03-30T20:34:31.428479] 
============================================================
[2026-03-30T20:34:31.431934] Starting processing for coupe: sabarkantha
[2026-03-30T20:34:31.433077] ============================================================
[2026-03-30T20:34:31.433953] Step 1/5: Fixing geometry for sabarkantha
[2026-03-30T20:34:31.434452] Starting comprehensive geometry fixing for sabarkantha_coupe
[2026-03-30T20:34:31.548956]   Step 1: Fixed invalid geometries
[2026-03-30T20:34:31.738892]   Step 2: Extracted polygon collections
[2026-03-30T20:34:31.837663]   Step 3: Buffered invalid geometries
[2026-03-30T20:34:31.892615]   Step 4: Set SRID to 4326
[2026-03-30T20:34:31.951295]   Step 5: Transformed to 4326
[2026-03-30T20:34:32.046665]   Step 6: Simplified geometries
[2026-03-30T20:34:32.143358]   Step 7: Removed remaining invalid geometries
[2026-03-30T20:34:32.196462]   Step 8: Cleaned very complex geometries
[2026-03-30T20:34:32.513709]   Step 9: Removed geometries with area < 1 sqm
[2026-03-30T20:34:32.569136] sabarkantha_coupe geometry fixing completed. 1652 valid geometries remaining
[2026-03-30T20:34:32.621217] Step 2/5: Creating degradation table
[2026-03-30T20:34:32.958658] Table 2025-03-01_sabarkantha_coupe_NDVI_Change created with indexes
[2026-03-30T20:34:33.011865] Step 3/5: Fetching polygons
[2026-03-30T20:34:34.084212]   Found 1652 polygons in sabarkantha_coupe
[2026-03-30T20:34:34.084927] Step 4/5: Processing polygons
[2026-03-30T20:36:43.030455]   Successfully inserted 14 pixels
[2026-03-30T20:38:22.461264]   Successfully inserted 36 pixels
[2026-03-30T20:39:17.449367]   Successfully inserted 54 pixels
[2026-03-30T20:40:31.504255]   Successfully inserted 45 pixels
[2026-03-30T20:41:34.410083]   Successfully inserted 14 pixels
[2026-03-30T20:42:13.856583]   Successfully inserted 15 pixels
[2026-03-30T20:43:39.772981]   Successfully inserted 20 pixels
[2026-03-30T20:46:48.609698]   Successfully inserted 157 pixels
[2026-03-30T20:48:02.496459]   Successfully inserted 13 pixels
[2026-03-30T20:53:46.545311]   Successfully inserted 136 pixels
[2026-03-30T20:54:49.710461]   Successfully inserted 55 pixels
[2026-03-30T20:56:29.946208]   Successfully inserted 14 pixels
[2026-03-30T20:58:25.858136]   Successfully inserted 24 pixels
[2026-03-30T20:59:31.966219]   Successfully inserted 5 pixels
[2026-03-30T21:03:09.680254] 
============================================================
[2026-03-30T21:03:09.681242] PROCESS INTERRUPTED BY USER
[2026-03-30T21:03:09.681918] Checkpoint has been saved
[2026-03-30T21:03:09.682358] ============================================================
